   ▲ Next.js 15.5.27
   - Local:        http://localhost:3008
   - Network:      http://169.254.167.230:3008

 ✓ Starting...
 ✓ Ready in 9.5s
[getFeaturedProjects] Could not find the table 'public.projects' in the schema cache
[getTestimonials] Could not find the table 'public.testimonials' in the schema cache
[getCapabilities] Could not find the table 'public.capabilities' in the schema cache
[getProjectResults] Could not find the table 'public.projects' in the schema cache
[getProcessSteps] Could not find the table 'public.process_steps' in the schema cache
[getServiceSummaries] Could not find the table 'public.services' in the schema cache
[getFeaturedExperiments] Could not find the table 'public.innovation_projects' in the schema cache
[getLatestPosts] Could not find the table 'public.blog_posts' in the schema cache
[getTechnologies] Could not find the table 'public.technologies' in the schema cache
[getSiteSettings] Could not find the table 'public.site_settings' in the schema cache
[getNavigationItems] Could not find the table 'public.navigation_items' in the schema cache
[getServiceSummaries] Could not find the table 'public.services' in the schema cache
[getSiteSettings] Could not find the table 'public.site_settings' in the schema cache
[getNavigationItems] Could not find the table 'public.navigation_items' in the schema cache
[getSiteSettings] Could not find the table 'public.site_settings' in the schema cache
[getServiceSummaries] Could not find the table 'public.services' in the schema cache
[getFaqs] Could not find the table 'public.faq_items' in the schema cache
[getNavigationItems] Could not find the table 'public.navigation_items' in the schema cache
[getServiceSummaries] Could not find the table 'public.services' in the schema cache
[getServiceSummaries] Could not find the table 'public.services' in the schema cache
[getServiceSummaries] Could not find the table 'public.services' in the schema cache
